Testing: localhost:1433...
Γ¥î FAILED: localhost:1433 - Failed to connect to localhost:1433 - Could not connect (sequence)
Testing: localhost:1434...
Γ¥î FAILED: localhost:1434 - Login failed for user 'sa'.
Testing: 127.0.0.1:1433...
Γ¥î FAILED: 127.0.0.1:1433 - Failed to connect to 127.0.0.1:1433 - Could not connect (sequence)
Testing: 127.0.0.1:1434...
Γ¥î FAILED: 127.0.0.1:1434 - Login failed for user 'sa'.

No working connection found with the current credentials.
